﻿
> frontend@0.0.0 build
> vite build

[36mvite v7.3.1 [32mbuilding client environment for production...[36m[39m
transforming...
[32m??[39m 62 modules transformed.
node.exe : [31m??[39m Build failed in 349ms
위치 줄:1 문자:1
+ & "C:\Program Files\nodejs/node.exe" "C:\Program Fil
es\nodejs/node_mo ...
+ ~~~~~~~~~~~~~~~~~~~~~~~~~~~~~~~~~~~~~~~~~~~~~~~~~~~~
~~~~~~~~~~~~~~~~~
    + CategoryInfo          : NotSpecified: ([31m??[ 
   39m Build failed in 349ms:String) [], RemoteExcep  
  tion
    + FullyQualifiedErrorId : NativeCommandError
 
[31merror during build:
[31m[vite:load-fallback] Could not load C:\Users\kjhh
2\Desktop\Nutrishare\frontend\src/components/layout/Ho
meLayout (imported by src/pages/HomePage.jsx): ENOENT:
 no such file or directory, open 'C:\Users\kjhh2\Deskt
op\Nutrishare\frontend\src\components\layout\HomeLayou
t'[31m
    at async open (node:internal/fs/promises:639:25)
    at async Object.readFile (node:internal/fs/promise
s:1243:14)
    at async Object.handler (file:///C:/Users/kjhh2/De
sktop/Nutrishare/frontend/node_modules/vite/dist/node/
chunks/config.js:33169:21)
    at async PluginDriver.hookFirstAndGetPlugin (file:
///C:/Users/kjhh2/Desktop/Nutrishare/frontend/node_mod
ules/rollup/dist/es/shared/node-entry.js:22430:28)
    at async file:///C:/Users/kjhh2/Desktop/Nutrishare
/frontend/node_modules/rollup/dist/es/shared/node-entr
y.js:21422:33
    at async Queue.work (file:///C:/Users/kjhh2/Deskto
p/Nutrishare/frontend/node_modules/rollup/dist/es/shar
ed/node-entry.js:22658:32)[39m
